// Vitest Snapshot v1, https://vitest.dev/guide/snapshot.html

exports[`Renders the logs 1`] = `
<DocumentFragment>
  <div>
    <div
      class="flex flex-col gap-1 mb-4"
    >
      <div
        class="flex flex-wrap gap-2.5"
      >
        <a
          class="text-blue-600 no-underline cursor-pointer text-xs"
          href="http://localhost:8765/today"
          title="Aggregated keylogs JSON from past 24 hours"
        >
          today
        </a>
      </div>
      <div
        class="flex flex-wrap gap-2.5"
      >
        <a
          class="text-blue-600 no-underline cursor-pointer text-xs"
          href="http://localhost:8765/log"
          title="Keylog aggregation + discrete screenshot summaries (defaults to past 24 hours, supports ?search= and ?type=keylog|screenshot) (start/end: ms or YYYY-MM-DD_HH.MM.SSAM|PM)"
        >
          log
          <span
            class="text-gray-500"
          >
             ?start=&end=&search=&type=keylog|screenshot
          </span>
        </a>
      </div>
      <div
        class="flex flex-wrap gap-2.5"
      >
        <a
          class="text-blue-600 no-underline cursor-pointer text-xs"
          href="http://localhost:8765/yesterday"
          title="Aggregated keylogs JSON from previous midnight to midnight"
        >
          yesterday
        </a>
      </div>
      <div
        class="flex flex-wrap gap-2.5"
      >
        <a
          class="text-blue-600 no-underline cursor-pointer text-xs"
          href="http://localhost:8765/week"
          title="Aggregated keylogs JSON from past 168 hours"
        >
          week
        </a>
      </div>
    </div>
  </div>
</DocumentFragment>
`;
